autoscan: warning: missing AC_CHECK_FUNCS([memset]) wanted by: 
	include/lib/stb_image.hpp:1139
	include/lib/stb_image.hpp:2034
	include/lib/stb_image.hpp:2220
	include/lib/stb_image.hpp:2275
	include/lib/stb_image.hpp:4033
	include/lib/stb_image.hpp:4047
	include/lib/stb_image.hpp:4073
	include/lib/stb_image.hpp:4130
	include/lib/stb_image.hpp:4131
	include/lib/stb_image.hpp:4372
	include/lib/stb_image.hpp:4399
	include/lib/stb_image.hpp:6210
	include/lib/stb_image.hpp:6527
	include/lib/stb_image.hpp:6802
	include/lib/stb_image.hpp:6803
	include/lib/stb_image.hpp:6804
	include/lib/stb_image.hpp:6840
	include/lib/stb_image.hpp:6978
	include/lib/stb_image.hpp:7052
autoscan: warning: missing AC_CHECK_FUNCS([pow]) wanted by: 
	include/lib/stb_image.hpp:1869
	include/lib/stb_image.hpp:1895
autoscan: warning: missing AC_CHECK_FUNCS([sqrt]) wanted by: 
	include/lib/stb_image.hpp:2504
autoscan: warning: missing AC_CHECK_FUNCS([strstr]) wanted by: 
	lib/glad.c:230
autoscan: warning: missing AC_CHECK_FUNCS([strtol]) wanted by: 
	include/lib/stb_image.hpp:7191
	include/lib/stb_image.hpp:7195
	include/lib/stb_image.hpp:7321
	include/lib/stb_image.hpp:7328
autoscan: warning: missing AC_CHECK_HEADERS([inttypes.h]) wanted by: 
	include/KHR/khrplatform.h:176
autoscan: warning: missing AC_CHECK_HEADERS([stdint.h]) wanted by: 
	include/KHR/khrplatform.h:149
	include/KHR/khrplatform.h:228
	include/lib/stb_image.hpp:647
autoscan: warning: missing AC_CHECK_HEADER_STDBOOL wanted by: 
	src/options.cpp:53
	src/gui/manager_register.cpp:7
	src/gui/manager_register.cpp:11
	src/gui/manager_register.cpp:21
	src/gui/manager_register.cpp:30
	src/gui/manager_register.cpp:40
	src/gui/manager_register.cpp:79
	src/gui/manager_register.cpp:84
	src/gui/reserve.cpp:5
	src/gui/manager.cpp:5
	src/gui/manager.cpp:6
	src/gui/manager.cpp:71
	src/gui/window.cpp:5
	src/gui/window.cpp:6
	src/gui/window.cpp:86
	src/gui/window.cpp:90
	src/gui/window.cpp:99
	src/program/flag.cpp:6
	src/program/logging.cpp:28
	src/program/logging.cpp:82
	src/program/sieve.cpp:70
	src/program/sieve.cpp:75
	src/program/sieve.cpp:80
	src/program/sieve.cpp:85
	src/program/parser.cpp:6
	src/program/parser.cpp:7
	src/program/parser.cpp:15
	src/program/parser.cpp:30
	src/program/parser.cpp:37
	src/program/parser.cpp:54
	src/program/parser.cpp:70
	src/graphics/gl_handle.cpp:5
	src/graphics/gl_handle.cpp:6
	src/graphics/gl_handle.cpp:31
	src/graphics/gl_handle.cpp:42
	src/graphics/gl_handle.cpp:73
	src/graphics/gl_handle.cpp:78
	src/graphics/gl_handle.cpp:90
	include/common.hpp:12
	include/common.hpp:13
	include/common.hpp:15
	include/common.hpp:16
	include/common.hpp:20
	include/common.hpp:21
	include/gui/windows.hpp:19
	include/gui/windows.hpp:37
	include/gui/windows.hpp:38
	include/gui/windows.hpp:45
	include/gui/windows.hpp:46
	include/gui/windows.hpp:59
	include/gui/management.hpp:30
	include/gui/management.hpp:46
	include/gui/management.hpp:48
	include/gui/management.hpp:49
	include/gui/management.hpp:51
	include/gui/management.hpp:56
	include/gui/management.hpp:57
	include/gui/management.hpp:59
	include/gui/management.hpp:78
	include/gui/management.hpp:82
	include/gui/management.hpp:83
	include/gui/management.hpp:91
	include/program/settings.hpp:62
	include/program/flags.hpp:20
	include/program/flags.hpp:23
	include/program/flags.hpp:48
	include/program/flags.hpp:49
	include/program/flags.hpp:51
	include/program/flags.hpp:52
	include/program/flags.hpp:76
	include/program/flags.hpp:78
	include/program/flags.hpp:79
	include/program/flags.hpp:83
	include/program/flags.hpp:85
	include/program/logging.hpp:39
	include/program/logging.hpp:61
	include/graphics/graphics.hpp:21
	include/graphics/graphics.hpp:22
	include/graphics/graphics.hpp:24
	include/graphics/graphics.hpp:25
	include/graphics/graphics.hpp:33
	include/graphics/graphics.hpp:34
	include/graphics/graphics.hpp:38
	src/main.cpp:21
	src/options.cpp:8
	src/options.cpp:9
	src/gui/manager_register.cpp:56
	src/gui/reserve.cpp:5
	src/gui/reserve.cpp:29
	src/gui/manager.cpp:78
	src/gui/node.cpp:18
	src/gui/events.cpp:116
	src/gui/events.cpp:130
	src/gui/window.cpp:18
	src/gui/window.cpp:23
	src/gui/window.cpp:39
	src/gui/window.cpp:88
	src/gui/window.cpp:146
	src/program/logging.cpp:84
	src/program/sieve.cpp:91
	src/graphics/reserve.cpp:13
	src/graphics/gl_handle.cpp:92
	include/common.hpp:13
	include/common.hpp:16
	include/common.hpp:21
	include/lib/stb_image.hpp:477
	include/lib/stb_image.hpp:1165
	include/lib/stb_image.hpp:1515
	include/lib/stb_image.hpp:5163
	include/program/settings.hpp:62
	src/options.cpp:6
	src/options.cpp:11
	src/options.cpp:12
	src/options.cpp:13
	src/options.cpp:14
	src/options.cpp:15
	src/gui/reserve.cpp:21
	src/gui/node.cpp:8
	src/gui/window.cpp:36
	src/gui/window.cpp:137
	src/program/logging.cpp:84
	include/common.hpp:12
	include/common.hpp:15
	include/common.hpp:20
	include/lib/stb_image.hpp:270
	include/lib/stb_image.hpp:1632
	include/program/settings.hpp:62
autoscan: warning: missing AC_FUNC_ERROR_AT_LINE wanted by: 
	src/file.cpp:30
	src/gui/manager_register.cpp:65
	src/gui/manager.cpp:18
	src/gui/manager.cpp:45
	src/gui/manager.cpp:89
	src/gui/node.cpp:55
	src/gui/events.cpp:120
	src/gui/events.cpp:134
	src/gui/window.cpp:92
	src/program/logging.cpp:61
	src/program/sieve.cpp:196
	src/program/sieve.cpp:203
	src/program/parser.cpp:33
	src/program/parser.cpp:40
	src/program/parser.cpp:63
	src/program/parser.cpp:125
	src/graphics/reserve.cpp:16
	src/graphics/gl_handle.cpp:100
	include/program/logging.hpp:47
autoscan: warning: missing AC_FUNC_MALLOC wanted by: 
	lib/glad.c:184
	lib/glad.c:195
autoscan: warning: missing AC_PREREQ wanted by: 
	autoscan
autoscan: warning: missing AC_PROG_CC wanted by: 
	include/KHR/khrplatform.h
	include/glad/glad.h
	lib/glad.c
autoscan: warning: missing AC_TYPE_INT16_T wanted by: 
	include/lib/stb_image.hpp:649
autoscan: warning: missing AC_TYPE_INT32_T wanted by: 
	include/KHR/khrplatform.h:150
	include/KHR/khrplatform.h:177
	include/KHR/khrplatform.h:229
	include/lib/stb_image.hpp:651
autoscan: warning: missing AC_TYPE_INT64_T wanted by: 
	include/KHR/khrplatform.h:152
	include/KHR/khrplatform.h:179
	include/KHR/khrplatform.h:231
autoscan: warning: missing AC_TYPE_SIZE_T wanted by: 
	include/lib/stb_image.hpp:437
	include/lib/stb_image.hpp:985
	include/lib/stb_image.hpp:1225
	include/lib/stb_image.hpp:1225
	include/lib/stb_image.hpp:1233
	include/lib/stb_image.hpp:1235
	include/lib/stb_image.hpp:1331
	include/lib/stb_image.hpp:3341
	include/lib/stb_image.hpp:3349
	lib/glad.c:184
	lib/glad.c:193
	lib/glad.c:891
autoscan: warning: missing AC_TYPE_UINT16_T wanted by: 
	include/lib/stb_image.hpp:648
autoscan: warning: missing AC_TYPE_UINT32_T wanted by: 
	include/KHR/khrplatform.h:151
	include/KHR/khrplatform.h:178
	include/KHR/khrplatform.h:230
	include/lib/stb_image.hpp:650
autoscan: warning: missing AC_TYPE_UINT64_T wanted by: 
	include/KHR/khrplatform.h:153
	include/KHR/khrplatform.h:180
	include/KHR/khrplatform.h:232
