This file contains any messages produced by compilers while
running configure, to aid debugging if configure makes a mistake.

It was created by wawacraft-evolved configure 0.3.9, which was
generated by GNU Autoconf 2.72.  Invocation command line was

  $ ./configure

## --------- ##
## Platform. ##
## --------- ##

hostname = lambda
uname -m = x86_64
uname -r = 6.12.90+deb13.1-amd64
uname -s = Linux
uname -v = #1 SMP PREEMPT_DYNAMIC Debian 6.12.90-2 (2026-05-27)

/usr/bin/uname -p = unknown
/bin/uname -X     = unknown

/bin/arch              = x86_64
/usr/bin/arch -k       = unknown
/usr/convex/getsysinfo = unknown
/usr/bin/hostinfo      = unknown
/bin/machine           = unknown
/usr/bin/oslevel       = unknown
/bin/universe          = unknown

PATH: /usr/local/bin/
PATH: /usr/bin/
PATH: /bin/
PATH: /usr/games/


## ----------- ##
## Core tests. ##
## ----------- ##

configure:2846: looking for aux files: compile missing install-sh config.guess config.sub
configure:2859:  trying ./
configure:2888:   ./compile found
configure:2888:   ./missing found
configure:2870:   ./install-sh found
configure:2888:   ./config.guess found
configure:2888:   ./config.sub found
configure:3011: checking build system type
configure:3027: result: x86_64-pc-linux-gnu
configure:3047: checking host system type
configure:3062: result: x86_64-pc-linux-gnu
configure:3082: checking target system type
configure:3097: result: x86_64-pc-linux-gnu
configure:3140: checking for a BSD-compatible install
configure:3214: result: /usr/bin/install -c
configure:3225: checking whether sleep supports fractional seconds
configure:3241: result: yes
configure:3244: checking filesystem timestamp resolution
configure:3379: result: 0.01
configure:3384: checking whether build environment is sane
configure:3425: result: yes
configure:3596: checking for a race-free mkdir -p
configure:3639: result: /usr/bin/mkdir -p
configure:3646: checking for gawk
configure:3667: found /usr/bin/gawk
configure:3679: result: gawk
configure:3690: checking whether make sets $(MAKE)
configure:3714: result: yes
configure:3740: checking whether make supports nested variables
configure:3759: result: yes
configure:3773: checking xargs -n works
configure:3789: result: yes
configure:3959: checking for g++
configure:3980: found /usr/bin/g++
configure:3992: result: g++
configure:4019: checking for C++ compiler version
configure:4028: g++ --version >&5
g++ (Debian 14.2.0-19) 14.2.0
Copyright (C) 2024 Free Software Foundation, Inc.
This is free software; see the source for copying conditions.  There is NO
warranty; not even for MERCHANTABILITY or FITNESS FOR A PARTICULAR PURPOSE.

configure:4039: $? = 0
configure:4028: g++ -v >&5
Using built-in specs.
COLLECT_GCC=g++
COLLECT_LTO_WRAPPER=/usr/libexec/gcc/x86_64-linux-gnu/14/lto-wrapper
OFFLOAD_TARGET_NAMES=nvptx-none:amdgcn-amdhsa
OFFLOAD_TARGET_DEFAULT=1
Target: x86_64-linux-gnu
Configured with: ../src/configure -v --with-pkgversion='Debian 14.2.0-19' --with-bugurl=file:///usr/share/doc/gcc-14/README.Bugs --enable-languages=c,ada,c++,go,d,fortran,objc,obj-c++,m2,rust --prefix=/usr --with-gcc-major-version-only --program-suffix=-14 --program-prefix=x86_64-linux-gnu- --enable-shared --enable-linker-build-id --libexecdir=/usr/libexec --without-included-gettext --enable-threads=posix --libdir=/usr/lib --enable-nls --enable-bootstrap --enable-clocale=gnu --enable-libstdcxx-debug --enable-libstdcxx-time=yes --with-default-libstdcxx-abi=new --enable-libstdcxx-backtrace --enable-gnu-unique-object --disable-vtable-verify --enable-plugin --enable-default-pie --with-system-zlib --enable-libphobos-checking=release --with-target-system-zlib=auto --enable-objc-gc=auto --enable-multiarch --disable-werror --enable-cet --with-arch-32=i686 --with-abi=m64 --with-multilib-list=m32,m64,mx32 --enable-multilib --with-tune=generic --enable-offload-targets=nvptx-none=/build/reproducible-path/gcc-14-14.2.0/debian/tmp-nvptx/usr,amdgcn-amdhsa=/build/reproducible-path/gcc-14-14.2.0/debian/tmp-gcn/usr --enable-offload-defaulted --without-cuda-driver --enable-checking=release --build=x86_64-linux-gnu --host=x86_64-linux-gnu --target=x86_64-linux-gnu --with-build-config=bootstrap-lto-lean --enable-link-serialization=3
Thread model: posix
Supported LTO compression algorithms: zlib zstd
gcc version 14.2.0 (Debian 14.2.0-19) 
... rest of stderr output deleted ...
configure:4039: $? = 0
configure:4028: g++ -V >&5
g++: error: unrecognized command-line option '-V'
g++: fatal error: no input files
compilation terminated.
configure:4039: $? = 1
configure:4028: g++ -qversion >&5
g++: error: unrecognized command-line option '-qversion'; did you mean '--version'?
g++: fatal error: no input files
compilation terminated.
configure:4039: $? = 1
configure:4059: checking whether the C++ compiler works
configure:4081: g++    conftest.cpp  >&5
configure:4085: $? = 0
configure:4136: result: yes
configure:4140: checking for C++ compiler default output file name
configure:4142: result: a.out
configure:4148: checking for suffix of executables
configure:4155: g++ -o conftest    conftest.cpp  >&5
configure:4159: $? = 0
configure:4183: result: 
configure:4207: checking whether we are cross compiling
configure:4215: g++ -o conftest    conftest.cpp  >&5
configure:4219: $? = 0
configure:4226: ./conftest
configure:4230: $? = 0
configure:4245: result: no
configure:4251: checking for suffix of object files
configure:4274: g++ -c   conftest.cpp >&5
configure:4278: $? = 0
configure:4302: result: o
configure:4306: checking whether the compiler supports GNU C++
configure:4326: g++ -c   conftest.cpp >&5
configure:4326: $? = 0
configure:4338: result: yes
configure:4349: checking whether g++ accepts -g
configure:4370: g++ -c -g  conftest.cpp >&5
configure:4370: $? = 0
configure:4417: result: yes
configure:4437: checking for g++ option to enable C++11 features
configure:4452: g++  -c -g -O2  conftest.cpp >&5
conftest.cpp: In function 'int main(int, char**)':
conftest.cpp:177:25: warning: empty parentheses were disambiguated as a function declaration [-Wvexing-parse]
  177 |   cxx11test::delegate d2();
      |                         ^~
conftest.cpp:177:25: note: remove parentheses to default-initialize a variable
  177 |   cxx11test::delegate d2();
      |                         ^~
      |                         --
conftest.cpp:177:25: note: or replace parentheses with braces to value-initialize a variable
configure:4452: $? = 0
configure:4471: result: none needed
configure:4543: checking whether make supports the include directive
configure:4558: make -f confmf.GNU && cat confinc.out
this is the am__doit target
configure:4561: $? = 0
configure:4580: result: yes (GNU style)
configure:4606: checking dependency style of g++
configure:4719: result: gcc3
configure:4797: checking for gcc
configure:4818: found /usr/bin/gcc
configure:4830: result: gcc
configure:5189: checking for C compiler version
configure:5198: gcc --version >&5
gcc (Debian 14.2.0-19) 14.2.0
Copyright (C) 2024 Free Software Foundation, Inc.
This is free software; see the source for copying conditions.  There is NO
warranty; not even for MERCHANTABILITY or FITNESS FOR A PARTICULAR PURPOSE.

configure:5209: $? = 0
configure:5198: gcc -v >&5
Using built-in specs.
COLLECT_GCC=gcc
COLLECT_LTO_WRAPPER=/usr/libexec/gcc/x86_64-linux-gnu/14/lto-wrapper
OFFLOAD_TARGET_NAMES=nvptx-none:amdgcn-amdhsa
OFFLOAD_TARGET_DEFAULT=1
Target: x86_64-linux-gnu
Configured with: ../src/configure -v --with-pkgversion='Debian 14.2.0-19' --with-bugurl=file:///usr/share/doc/gcc-14/README.Bugs --enable-languages=c,ada,c++,go,d,fortran,objc,obj-c++,m2,rust --prefix=/usr --with-gcc-major-version-only --program-suffix=-14 --program-prefix=x86_64-linux-gnu- --enable-shared --enable-linker-build-id --libexecdir=/usr/libexec --without-included-gettext --enable-threads=posix --libdir=/usr/lib --enable-nls --enable-bootstrap --enable-clocale=gnu --enable-libstdcxx-debug --enable-libstdcxx-time=yes --with-default-libstdcxx-abi=new --enable-libstdcxx-backtrace --enable-gnu-unique-object --disable-vtable-verify --enable-plugin --enable-default-pie --with-system-zlib --enable-libphobos-checking=release --with-target-system-zlib=auto --enable-objc-gc=auto --enable-multiarch --disable-werror --enable-cet --with-arch-32=i686 --with-abi=m64 --with-multilib-list=m32,m64,mx32 --enable-multilib --with-tune=generic --enable-offload-targets=nvptx-none=/build/reproducible-path/gcc-14-14.2.0/debian/tmp-nvptx/usr,amdgcn-amdhsa=/build/reproducible-path/gcc-14-14.2.0/debian/tmp-gcn/usr --enable-offload-defaulted --without-cuda-driver --enable-checking=release --build=x86_64-linux-gnu --host=x86_64-linux-gnu --target=x86_64-linux-gnu --with-build-config=bootstrap-lto-lean --enable-link-serialization=3
Thread model: posix
Supported LTO compression algorithms: zlib zstd
gcc version 14.2.0 (Debian 14.2.0-19) 
... rest of stderr output deleted ...
configure:5209: $? = 0
configure:5198: gcc -V >&5
gcc: error: unrecognized command-line option '-V'
gcc: fatal error: no input files
compilation terminated.
configure:5209: $? = 1
configure:5198: gcc -qversion >&5
gcc: error: unrecognized command-line option '-qversion'; did you mean '--version'?
gcc: fatal error: no input files
compilation terminated.
configure:5209: $? = 1
configure:5198: gcc -version >&5
gcc: error: unrecognized command-line option '-version'
gcc: fatal error: no input files
compilation terminated.
configure:5209: $? = 1
configure:5213: checking whether the compiler supports GNU C
configure:5233: gcc -c   conftest.c >&5
configure:5233: $? = 0
configure:5245: result: yes
configure:5256: checking whether gcc accepts -g
configure:5277: gcc -c -g  conftest.c >&5
configure:5277: $? = 0
configure:5324: result: yes
configure:5344: checking for gcc option to enable C11 features
configure:5359: gcc  -c -g -O2  conftest.c >&5
configure:5359: $? = 0
configure:5378: result: none needed
configure:5502: checking whether gcc understands -c and -o together
configure:5525: gcc -c conftest.c -o conftest2.o
configure:5528: $? = 0
configure:5525: gcc -c conftest.c -o conftest2.o
configure:5528: $? = 0
configure:5541: result: yes
configure:5560: checking dependency style of gcc
configure:5673: result: gcc3
configure:5750: checking for pkg-config
configure:5773: found /usr/bin/pkg-config
configure:5786: result: /usr/bin/pkg-config
configure:5811: checking pkg-config is at least version 0.9.0
configure:5814: result: yes
configure:5824: checking for glfw3
configure:5831: $PKG_CONFIG --exists --print-errors "glfw3"
configure:5834: $? = 0
configure:5848: $PKG_CONFIG --exists --print-errors "glfw3"
configure:5851: $? = 0
configure:5889: result: yes
configure:5900: checking for stdio.h
configure:5900: gcc -c -g -O2  conftest.c >&5
configure:5900: $? = 0
configure:5900: result: yes
configure:5900: checking for stdlib.h
configure:5900: gcc -c -g -O2  conftest.c >&5
configure:5900: $? = 0
configure:5900: result: yes
configure:5900: checking for string.h
configure:5900: gcc -c -g -O2  conftest.c >&5
configure:5900: $? = 0
configure:5900: result: yes
configure:5900: checking for inttypes.h
configure:5900: gcc -c -g -O2  conftest.c >&5
configure:5900: $? = 0
configure:5900: result: yes
configure:5900: checking for stdint.h
configure:5900: gcc -c -g -O2  conftest.c >&5
configure:5900: $? = 0
configure:5900: result: yes
configure:5900: checking for strings.h
configure:5900: gcc -c -g -O2  conftest.c >&5
configure:5900: $? = 0
configure:5900: result: yes
configure:5900: checking for sys/stat.h
configure:5900: gcc -c -g -O2  conftest.c >&5
configure:5900: $? = 0
configure:5900: result: yes
configure:5900: checking for sys/types.h
configure:5900: gcc -c -g -O2  conftest.c >&5
configure:5900: $? = 0
configure:5900: result: yes
configure:5900: checking for unistd.h
configure:5900: gcc -c -g -O2  conftest.c >&5
configure:5900: $? = 0
configure:5900: result: yes
configure:5925: checking for inttypes.h
configure:5925: result: yes
configure:5931: checking for stdint.h
configure:5931: result: yes
configure:5943: checking for _Bool
configure:5943: gcc -c -g -O2  conftest.c >&5
configure:5943: $? = 0
configure:5943: gcc -c -g -O2  conftest.c >&5
conftest.c: In function 'main':
conftest.c:54:20: error: expected expression before ')' token
   54 | if (sizeof ((_Bool)))
      |                    ^
configure:5943: $? = 1
configure: failed program was:
| /* confdefs.h */
| #define PACKAGE_NAME "wawacraft-evolved"
| #define PACKAGE_TARNAME "wawacraft-evolved"
| #define PACKAGE_VERSION "0.3.9"
| #define PACKAGE_STRING "wawacraft-evolved 0.3.9"
| #define PACKAGE_BUGREPORT "someguyshutup5@gmail.com"
| #define PACKAGE_URL ""
| #define PACKAGE "wawacraft-evolved"
| #define VERSION "0.3.9"
| #define HAVE_STDIO_H 1
| #define HAVE_STDLIB_H 1
| #define HAVE_STRING_H 1
| #define HAVE_INTTYPES_H 1
| #define HAVE_STDINT_H 1
| #define HAVE_STRINGS_H 1
| #define HAVE_SYS_STAT_H 1
| #define HAVE_SYS_TYPES_H 1
| #define HAVE_UNISTD_H 1
| #define STDC_HEADERS 1
| #define HAVE_INTTYPES_H 1
| #define HAVE_STDINT_H 1
| /* end confdefs.h.  */
| #include <stddef.h>
| #ifdef HAVE_STDIO_H
| # include <stdio.h>
| #endif
| #ifdef HAVE_STDLIB_H
| # include <stdlib.h>
| #endif
| #ifdef HAVE_STRING_H
| # include <string.h>
| #endif
| #ifdef HAVE_INTTYPES_H
| # include <inttypes.h>
| #endif
| #ifdef HAVE_STDINT_H
| # include <stdint.h>
| #endif
| #ifdef HAVE_STRINGS_H
| # include <strings.h>
| #endif
| #ifdef HAVE_SYS_TYPES_H
| # include <sys/types.h>
| #endif
| #ifdef HAVE_SYS_STAT_H
| # include <sys/stat.h>
| #endif
| #ifdef HAVE_UNISTD_H
| # include <unistd.h>
| #endif
| int
| main (void)
| {
| if (sizeof ((_Bool)))
| 	    return 0;
|   ;
|   return 0;
| }
configure:5943: result: yes
configure:5952: checking for stdbool.h that conforms to C99 or later
configure:6027: gcc -c -g -O2  conftest.c >&5
configure:6027: $? = 0
configure:6037: result: yes
configure:6040: checking for int16_t
configure:6040: gcc -c -g -O2  conftest.c >&5
configure:6040: $? = 0
configure:6040: gcc -c -g -O2  conftest.c >&5
conftest.c: In function 'main':
conftest.c:56:12: error: size of array 'test_array' is negative
   56 | static int test_array [1 - 2 * !((int16_t) (((((int16_t) 1 << N) << N) - 1) * 2 + 1)
      |            ^~~~~~~~~~
configure:6040: $? = 1
configure: failed program was:
| /* confdefs.h */
| #define PACKAGE_NAME "wawacraft-evolved"
| #define PACKAGE_TARNAME "wawacraft-evolved"
| #define PACKAGE_VERSION "0.3.9"
| #define PACKAGE_STRING "wawacraft-evolved 0.3.9"
| #define PACKAGE_BUGREPORT "someguyshutup5@gmail.com"
| #define PACKAGE_URL ""
| #define PACKAGE "wawacraft-evolved"
| #define VERSION "0.3.9"
| #define HAVE_STDIO_H 1
| #define HAVE_STDLIB_H 1
| #define HAVE_STRING_H 1
| #define HAVE_INTTYPES_H 1
| #define HAVE_STDINT_H 1
| #define HAVE_STRINGS_H 1
| #define HAVE_SYS_STAT_H 1
| #define HAVE_SYS_TYPES_H 1
| #define HAVE_UNISTD_H 1
| #define STDC_HEADERS 1
| #define HAVE_INTTYPES_H 1
| #define HAVE_STDINT_H 1
| #define HAVE__BOOL 1
| /* end confdefs.h.  */
| #include <stddef.h>
| #ifdef HAVE_STDIO_H
| # include <stdio.h>
| #endif
| #ifdef HAVE_STDLIB_H
| # include <stdlib.h>
| #endif
| #ifdef HAVE_STRING_H
| # include <string.h>
| #endif
| #ifdef HAVE_INTTYPES_H
| # include <inttypes.h>
| #endif
| #ifdef HAVE_STDINT_H
| # include <stdint.h>
| #endif
| #ifdef HAVE_STRINGS_H
| # include <strings.h>
| #endif
| #ifdef HAVE_SYS_TYPES_H
| # include <sys/types.h>
| #endif
| #ifdef HAVE_SYS_STAT_H
| # include <sys/stat.h>
| #endif
| #ifdef HAVE_UNISTD_H
| # include <unistd.h>
| #endif
| 	        enum { N = 16 / 2 - 1 };
| int
| main (void)
| {
| static int test_array [1 - 2 * !((int16_t) (((((int16_t) 1 << N) << N) - 1) * 2 + 1)
| 		 < (int16_t) (((((int16_t) 1 << N) << N) - 1) * 2 + 2))];
| test_array [0] = 0;
| return test_array [0];
| 
|   ;
|   return 0;
| }
configure:6040: result: yes
configure:6049: checking for int32_t
configure:6049: gcc -c -g -O2  conftest.c >&5
configure:6049: $? = 0
configure:6049: gcc -c -g -O2  conftest.c >&5
conftest.c: In function 'main':
conftest.c:57:67: warning: integer overflow in expression of type 'int' results in '-2147483648' [-Woverflow]
   57 |                  < (int32_t) (((((int32_t) 1 << N) << N) - 1) * 2 + 2))];
      |                                                                   ^
conftest.c:56:12: error: storage size of 'test_array' isn't constant
   56 | static int test_array [1 - 2 * !((int32_t) (((((int32_t) 1 << N) << N) - 1) * 2 + 1)
      |            ^~~~~~~~~~
configure:6049: $? = 1
configure: failed program was:
| /* confdefs.h */
| #define PACKAGE_NAME "wawacraft-evolved"
| #define PACKAGE_TARNAME "wawacraft-evolved"
| #define PACKAGE_VERSION "0.3.9"
| #define PACKAGE_STRING "wawacraft-evolved 0.3.9"
| #define PACKAGE_BUGREPORT "someguyshutup5@gmail.com"
| #define PACKAGE_URL ""
| #define PACKAGE "wawacraft-evolved"
| #define VERSION "0.3.9"
| #define HAVE_STDIO_H 1
| #define HAVE_STDLIB_H 1
| #define HAVE_STRING_H 1
| #define HAVE_INTTYPES_H 1
| #define HAVE_STDINT_H 1
| #define HAVE_STRINGS_H 1
| #define HAVE_SYS_STAT_H 1
| #define HAVE_SYS_TYPES_H 1
| #define HAVE_UNISTD_H 1
| #define STDC_HEADERS 1
| #define HAVE_INTTYPES_H 1
| #define HAVE_STDINT_H 1
| #define HAVE__BOOL 1
| /* end confdefs.h.  */
| #include <stddef.h>
| #ifdef HAVE_STDIO_H
| # include <stdio.h>
| #endif
| #ifdef HAVE_STDLIB_H
| # include <stdlib.h>
| #endif
| #ifdef HAVE_STRING_H
| # include <string.h>
| #endif
| #ifdef HAVE_INTTYPES_H
| # include <inttypes.h>
| #endif
| #ifdef HAVE_STDINT_H
| # include <stdint.h>
| #endif
| #ifdef HAVE_STRINGS_H
| # include <strings.h>
| #endif
| #ifdef HAVE_SYS_TYPES_H
| # include <sys/types.h>
| #endif
| #ifdef HAVE_SYS_STAT_H
| # include <sys/stat.h>
| #endif
| #ifdef HAVE_UNISTD_H
| # include <unistd.h>
| #endif
| 	        enum { N = 32 / 2 - 1 };
| int
| main (void)
| {
| static int test_array [1 - 2 * !((int32_t) (((((int32_t) 1 << N) << N) - 1) * 2 + 1)
| 		 < (int32_t) (((((int32_t) 1 << N) << N) - 1) * 2 + 2))];
| test_array [0] = 0;
| return test_array [0];
| 
|   ;
|   return 0;
| }
configure:6049: result: yes
configure:6058: checking for int64_t
configure:6058: gcc -c -g -O2  conftest.c >&5
configure:6058: $? = 0
configure:6058: gcc -c -g -O2  conftest.c >&5
conftest.c: In function 'main':
conftest.c:57:67: warning: integer overflow in expression of type 'long int' results in '-9223372036854775808' [-Woverflow]
   57 |                  < (int64_t) (((((int64_t) 1 << N) << N) - 1) * 2 + 2))];
      |                                                                   ^
conftest.c:56:12: error: storage size of 'test_array' isn't constant
   56 | static int test_array [1 - 2 * !((int64_t) (((((int64_t) 1 << N) << N) - 1) * 2 + 1)
      |            ^~~~~~~~~~
configure:6058: $? = 1
configure: failed program was:
| /* confdefs.h */
| #define PACKAGE_NAME "wawacraft-evolved"
| #define PACKAGE_TARNAME "wawacraft-evolved"
| #define PACKAGE_VERSION "0.3.9"
| #define PACKAGE_STRING "wawacraft-evolved 0.3.9"
| #define PACKAGE_BUGREPORT "someguyshutup5@gmail.com"
| #define PACKAGE_URL ""
| #define PACKAGE "wawacraft-evolved"
| #define VERSION "0.3.9"
| #define HAVE_STDIO_H 1
| #define HAVE_STDLIB_H 1
| #define HAVE_STRING_H 1
| #define HAVE_INTTYPES_H 1
| #define HAVE_STDINT_H 1
| #define HAVE_STRINGS_H 1
| #define HAVE_SYS_STAT_H 1
| #define HAVE_SYS_TYPES_H 1
| #define HAVE_UNISTD_H 1
| #define STDC_HEADERS 1
| #define HAVE_INTTYPES_H 1
| #define HAVE_STDINT_H 1
| #define HAVE__BOOL 1
| /* end confdefs.h.  */
| #include <stddef.h>
| #ifdef HAVE_STDIO_H
| # include <stdio.h>
| #endif
| #ifdef HAVE_STDLIB_H
| # include <stdlib.h>
| #endif
| #ifdef HAVE_STRING_H
| # include <string.h>
| #endif
| #ifdef HAVE_INTTYPES_H
| # include <inttypes.h>
| #endif
| #ifdef HAVE_STDINT_H
| # include <stdint.h>
| #endif
| #ifdef HAVE_STRINGS_H
| # include <strings.h>
| #endif
| #ifdef HAVE_SYS_TYPES_H
| # include <sys/types.h>
| #endif
| #ifdef HAVE_SYS_STAT_H
| # include <sys/stat.h>
| #endif
| #ifdef HAVE_UNISTD_H
| # include <unistd.h>
| #endif
| 	        enum { N = 64 / 2 - 1 };
| int
| main (void)
| {
| static int test_array [1 - 2 * !((int64_t) (((((int64_t) 1 << N) << N) - 1) * 2 + 1)
| 		 < (int64_t) (((((int64_t) 1 << N) << N) - 1) * 2 + 2))];
| test_array [0] = 0;
| return test_array [0];
| 
|   ;
|   return 0;
| }
configure:6058: result: yes
configure:6067: checking for size_t
configure:6067: gcc -c -g -O2  conftest.c >&5
configure:6067: $? = 0
configure:6067: gcc -c -g -O2  conftest.c >&5
conftest.c: In function 'main':
conftest.c:55:21: error: expected expression before ')' token
   55 | if (sizeof ((size_t)))
      |                     ^
configure:6067: $? = 1
configure: failed program was:
| /* confdefs.h */
| #define PACKAGE_NAME "wawacraft-evolved"
| #define PACKAGE_TARNAME "wawacraft-evolved"
| #define PACKAGE_VERSION "0.3.9"
| #define PACKAGE_STRING "wawacraft-evolved 0.3.9"
| #define PACKAGE_BUGREPORT "someguyshutup5@gmail.com"
| #define PACKAGE_URL ""
| #define PACKAGE "wawacraft-evolved"
| #define VERSION "0.3.9"
| #define HAVE_STDIO_H 1
| #define HAVE_STDLIB_H 1
| #define HAVE_STRING_H 1
| #define HAVE_INTTYPES_H 1
| #define HAVE_STDINT_H 1
| #define HAVE_STRINGS_H 1
| #define HAVE_SYS_STAT_H 1
| #define HAVE_SYS_TYPES_H 1
| #define HAVE_UNISTD_H 1
| #define STDC_HEADERS 1
| #define HAVE_INTTYPES_H 1
| #define HAVE_STDINT_H 1
| #define HAVE__BOOL 1
| /* end confdefs.h.  */
| #include <stddef.h>
| #ifdef HAVE_STDIO_H
| # include <stdio.h>
| #endif
| #ifdef HAVE_STDLIB_H
| # include <stdlib.h>
| #endif
| #ifdef HAVE_STRING_H
| # include <string.h>
| #endif
| #ifdef HAVE_INTTYPES_H
| # include <inttypes.h>
| #endif
| #ifdef HAVE_STDINT_H
| # include <stdint.h>
| #endif
| #ifdef HAVE_STRINGS_H
| # include <strings.h>
| #endif
| #ifdef HAVE_SYS_TYPES_H
| # include <sys/types.h>
| #endif
| #ifdef HAVE_SYS_STAT_H
| # include <sys/stat.h>
| #endif
| #ifdef HAVE_UNISTD_H
| # include <unistd.h>
| #endif
| int
| main (void)
| {
| if (sizeof ((size_t)))
| 	    return 0;
|   ;
|   return 0;
| }
configure:6067: result: yes
configure:6078: checking for uint16_t
configure:6078: gcc -c -g -O2  conftest.c >&5
configure:6078: $? = 0
configure:6078: result: yes
configure:6088: checking for uint32_t
configure:6088: gcc -c -g -O2  conftest.c >&5
configure:6088: $? = 0
configure:6088: result: yes
configure:6100: checking for uint64_t
configure:6100: gcc -c -g -O2  conftest.c >&5
configure:6100: $? = 0
configure:6100: result: yes
configure:6114: checking for error_at_line
configure:6131: gcc -o conftest -g -O2   conftest.c  >&5
configure:6131: $? = 0
configure:6142: result: yes
configure:6153: checking for GNU libc compatible malloc
configure:6185: gcc -o conftest -g -O2   conftest.c  >&5
configure:6185: $? = 0
configure:6185: ./conftest
configure:6185: $? = 0
configure:6199: result: yes
configure:6222: checking for memset
configure:6222: gcc -o conftest -g -O2   conftest.c  >&5
conftest.c:41:6: warning: conflicting types for built-in function 'memset'; expected 'void *(void *, int,  long unsigned int)' [-Wbuiltin-declaration-mismatch]
   41 | char memset (void);
      |      ^~~~~~
conftest.c:33:1: note: 'memset' is declared in header '<string.h>'
   32 | #include <limits.h>
   33 | #undef memset
configure:6222: $? = 0
configure:6222: result: yes
configure:6228: checking for pow
configure:6228: gcc -o conftest -g -O2   conftest.c  >&5
conftest.c:42:6: warning: conflicting types for built-in function 'pow'; expected 'double(double,  double)' [-Wbuiltin-declaration-mismatch]
   42 | char pow (void);
      |      ^~~
conftest.c:34:1: note: 'pow' is declared in header '<math.h>'
   33 | #include <limits.h>
   34 | #undef pow
/usr/bin/ld: /tmp/cctSuQzK.o: in function `main':
/home/ali/projects/wawacraft-evolved/conftest.c:53:(.text.startup+0x5): undefined reference to `pow'
collect2: error: ld returned 1 exit status
configure:6228: $? = 1
configure: failed program was:
| /* confdefs.h */
| #define PACKAGE_NAME "wawacraft-evolved"
| #define PACKAGE_TARNAME "wawacraft-evolved"
| #define PACKAGE_VERSION "0.3.9"
| #define PACKAGE_STRING "wawacraft-evolved 0.3.9"
| #define PACKAGE_BUGREPORT "someguyshutup5@gmail.com"
| #define PACKAGE_URL ""
| #define PACKAGE "wawacraft-evolved"
| #define VERSION "0.3.9"
| #define HAVE_STDIO_H 1
| #define HAVE_STDLIB_H 1
| #define HAVE_STRING_H 1
| #define HAVE_INTTYPES_H 1
| #define HAVE_STDINT_H 1
| #define HAVE_STRINGS_H 1
| #define HAVE_SYS_STAT_H 1
| #define HAVE_SYS_TYPES_H 1
| #define HAVE_UNISTD_H 1
| #define STDC_HEADERS 1
| #define HAVE_INTTYPES_H 1
| #define HAVE_STDINT_H 1
| #define HAVE__BOOL 1
| #define HAVE_MALLOC 1
| #define HAVE_MEMSET 1
| /* end confdefs.h.  */
| /* Define pow to an innocuous variant, in case <limits.h> declares pow.
|    For example, HP-UX 11i <limits.h> declares gettimeofday.  */
| #define pow innocuous_pow
| 
| /* System header to define __stub macros and hopefully few prototypes,
|    which can conflict with char pow (void); below.  */
| 
| #include <limits.h>
| #undef pow
| 
| /* Override any GCC internal prototype to avoid an error.
|    Use char because int might match the return type of a GCC
|    builtin and then its argument prototype would still apply.  */
| #ifdef __cplusplus
| extern "C"
| #endif
| char pow (void);
| /* The GNU C library defines this for functions which it implements
|     to always fail with ENOSYS.  Some functions are actually named
|     something starting with __ and the normal name is an alias.  */
| #if defined __stub_pow || defined __stub___pow
| choke me
| #endif
| 
| int
| main (void)
| {
| return pow ();
|   ;
|   return 0;
| }
configure:6228: result: no
configure:6234: checking for sqrt
configure:6234: gcc -o conftest -g -O2   conftest.c  >&5
conftest.c:42:6: warning: conflicting types for built-in function 'sqrt'; expected 'double(double)' [-Wbuiltin-declaration-mismatch]
   42 | char sqrt (void);
      |      ^~~~
conftest.c:34:1: note: 'sqrt' is declared in header '<math.h>'
   33 | #include <limits.h>
   34 | #undef sqrt
/usr/bin/ld: /tmp/ccy91qIE.o: in function `main':
/home/ali/projects/wawacraft-evolved/conftest.c:53:(.text.startup+0x5): undefined reference to `sqrt'
collect2: error: ld returned 1 exit status
configure:6234: $? = 1
configure: failed program was:
| /* confdefs.h */
| #define PACKAGE_NAME "wawacraft-evolved"
| #define PACKAGE_TARNAME "wawacraft-evolved"
| #define PACKAGE_VERSION "0.3.9"
| #define PACKAGE_STRING "wawacraft-evolved 0.3.9"
| #define PACKAGE_BUGREPORT "someguyshutup5@gmail.com"
| #define PACKAGE_URL ""
| #define PACKAGE "wawacraft-evolved"
| #define VERSION "0.3.9"
| #define HAVE_STDIO_H 1
| #define HAVE_STDLIB_H 1
| #define HAVE_STRING_H 1
| #define HAVE_INTTYPES_H 1
| #define HAVE_STDINT_H 1
| #define HAVE_STRINGS_H 1
| #define HAVE_SYS_STAT_H 1
| #define HAVE_SYS_TYPES_H 1
| #define HAVE_UNISTD_H 1
| #define STDC_HEADERS 1
| #define HAVE_INTTYPES_H 1
| #define HAVE_STDINT_H 1
| #define HAVE__BOOL 1
| #define HAVE_MALLOC 1
| #define HAVE_MEMSET 1
| /* end confdefs.h.  */
| /* Define sqrt to an innocuous variant, in case <limits.h> declares sqrt.
|    For example, HP-UX 11i <limits.h> declares gettimeofday.  */
| #define sqrt innocuous_sqrt
| 
| /* System header to define __stub macros and hopefully few prototypes,
|    which can conflict with char sqrt (void); below.  */
| 
| #include <limits.h>
| #undef sqrt
| 
| /* Override any GCC internal prototype to avoid an error.
|    Use char because int might match the return type of a GCC
|    builtin and then its argument prototype would still apply.  */
| #ifdef __cplusplus
| extern "C"
| #endif
| char sqrt (void);
| /* The GNU C library defines this for functions which it implements
|     to always fail with ENOSYS.  Some functions are actually named
|     something starting with __ and the normal name is an alias.  */
| #if defined __stub_sqrt || defined __stub___sqrt
| choke me
| #endif
| 
| int
| main (void)
| {
| return sqrt ();
|   ;
|   return 0;
| }
configure:6234: result: no
configure:6240: checking for strstr
configure:6240: gcc -o conftest -g -O2   conftest.c  >&5
conftest.c:42:6: warning: conflicting types for built-in function 'strstr'; expected 'char *(const char *, const char *)' [-Wbuiltin-declaration-mismatch]
   42 | char strstr (void);
      |      ^~~~~~
conftest.c:34:1: note: 'strstr' is declared in header '<string.h>'
   33 | #include <limits.h>
   34 | #undef strstr
configure:6240: $? = 0
configure:6240: result: yes
configure:6246: checking for strtol
configure:6246: gcc -o conftest -g -O2   conftest.c  >&5
configure:6246: $? = 0
configure:6246: result: yes
configure:6357: checking that generated files are newer than configure
configure:6363: result: done
configure:6402: creating ./config.status

## ---------------------- ##
## Running config.status. ##
## ---------------------- ##

This file was extended by wawacraft-evolved config.status 0.3.9, which was
generated by GNU Autoconf 2.72.  Invocation command line was

  CONFIG_FILES    = 
  CONFIG_HEADERS  = 
  CONFIG_LINKS    = 
  CONFIG_COMMANDS = 
  $ ./config.status 

on lambda

config.status:886: creating Makefile
config.status:886: creating archive/Makefile
config.status:886: creating archive/screenshots/Makefile
config.status:886: creating shaders/Makefile
config.status:886: creating textures/Makefile
config.status:886: creating path.cpp
config.status:994: WARNING:  'path.cpp.in' seems to ignore the --datarootdir setting
config.status:886: creating config.h
config.status:1067: config.h is unchanged
config.status:1115: executing depfiles commands
config.status:1192: cd .       && sed -e '/# am--include-marker/d' Makefile         | make -f - am--depfiles
config.status:1197: $? = 0

## ---------------- ##
## Cache variables. ##
## ---------------- ##

ac_cv_build=x86_64-pc-linux-gnu
ac_cv_c_compiler_gnu=yes
ac_cv_c_int16_t=yes
ac_cv_c_int32_t=yes
ac_cv_c_int64_t=yes
ac_cv_c_uint16_t=yes
ac_cv_c_uint32_t=yes
ac_cv_c_uint64_t=yes
ac_cv_cxx_compiler_gnu=yes
ac_cv_env_CCC_set=
ac_cv_env_CCC_value=
ac_cv_env_CC_set=
ac_cv_env_CC_value=
ac_cv_env_CFLAGS_set=
ac_cv_env_CFLAGS_value=
ac_cv_env_CPPFLAGS_set=
ac_cv_env_CPPFLAGS_value=
ac_cv_env_CXXFLAGS_set=
ac_cv_env_CXXFLAGS_value=
ac_cv_env_CXX_set=
ac_cv_env_CXX_value=
ac_cv_env_GLFW_CFLAGS_set=
ac_cv_env_GLFW_CFLAGS_value=
ac_cv_env_GLFW_LIBS_set=
ac_cv_env_GLFW_LIBS_value=
ac_cv_env_LDFLAGS_set=
ac_cv_env_LDFLAGS_value=
ac_cv_env_LIBS_set=
ac_cv_env_LIBS_value=
ac_cv_env_PKG_CONFIG_LIBDIR_set=
ac_cv_env_PKG_CONFIG_LIBDIR_value=
ac_cv_env_PKG_CONFIG_PATH_set=
ac_cv_env_PKG_CONFIG_PATH_value=
ac_cv_env_PKG_CONFIG_set=
ac_cv_env_PKG_CONFIG_value=
ac_cv_env_build_alias_set=
ac_cv_env_build_alias_value=
ac_cv_env_host_alias_set=
ac_cv_env_host_alias_value=
ac_cv_env_target_alias_set=
ac_cv_env_target_alias_value=
ac_cv_func_malloc_0_nonnull=yes
ac_cv_func_memset=yes
ac_cv_func_pow=no
ac_cv_func_sqrt=no
ac_cv_func_strstr=yes
ac_cv_func_strtol=yes
ac_cv_header_inttypes_h=yes
ac_cv_header_stdbool_h=yes
ac_cv_header_stdint_h=yes
ac_cv_header_stdio_h=yes
ac_cv_header_stdlib_h=yes
ac_cv_header_string_h=yes
ac_cv_header_strings_h=yes
ac_cv_header_sys_stat_h=yes
ac_cv_header_sys_types_h=yes
ac_cv_header_unistd_h=yes
ac_cv_host=x86_64-pc-linux-gnu
ac_cv_lib_error_at_line=yes
ac_cv_objext=o
ac_cv_path_ac_pt_PKG_CONFIG=/usr/bin/pkg-config
ac_cv_path_install='/usr/bin/install -c'
ac_cv_path_mkdir=/usr/bin/mkdir
ac_cv_prog_AWK=gawk
ac_cv_prog_ac_ct_CC=gcc
ac_cv_prog_ac_ct_CXX=g++
ac_cv_prog_cc_c11=
ac_cv_prog_cc_g=yes
ac_cv_prog_cc_stdc=
ac_cv_prog_cxx_cxx11=
ac_cv_prog_cxx_g=yes
ac_cv_prog_cxx_stdcxx=
ac_cv_prog_make_make_set=yes
ac_cv_target=x86_64-pc-linux-gnu
ac_cv_type__Bool=yes
ac_cv_type_size_t=yes
am_cv_CC_dependencies_compiler_type=gcc3
am_cv_CXX_dependencies_compiler_type=gcc3
am_cv_filesystem_timestamp_resolution=0.01
am_cv_make_support_nested_variables=yes
am_cv_prog_cc_c_o=yes
am_cv_sleep_fractional_seconds=yes
am_cv_xargs_n_works=yes
pkg_cv_GLFW_CFLAGS=
pkg_cv_GLFW_LIBS='-lglfw '

## ----------------- ##
## Output variables. ##
## ----------------- ##

ACLOCAL='${SHELL} '\''/home/ali/projects/wawacraft-evolved/missing'\'' aclocal-1.17'
AMDEPBACKSLASH='\'
AMDEP_FALSE='#'
AMDEP_TRUE=''
AMTAR='$${TAR-tar}'
AM_BACKSLASH='\'
AM_DEFAULT_V='$(AM_DEFAULT_VERBOSITY)'
AM_DEFAULT_VERBOSITY='1'
AM_V='$(V)'
AUTOCONF='${SHELL} '\''/home/ali/projects/wawacraft-evolved/missing'\'' autoconf'
AUTOHEADER='${SHELL} '\''/home/ali/projects/wawacraft-evolved/missing'\'' autoheader'
AUTOMAKE='${SHELL} '\''/home/ali/projects/wawacraft-evolved/missing'\'' automake-1.17'
AWK='gawk'
CC='gcc'
CCDEPMODE='depmode=gcc3'
CFLAGS='-g -O2'
CPPFLAGS=''
CSCOPE='cscope'
CTAGS='ctags'
CXX='g++'
CXXDEPMODE='depmode=gcc3'
CXXFLAGS='-g -O2'
CYGPATH_W='echo'
DEFS='-DHAVE_CONFIG_H'
DEPDIR='.deps'
ECHO_C=''
ECHO_N='-n'
ECHO_T=''
ETAGS='etags'
EXEEXT=''
GLFW_CFLAGS=''
GLFW_LIBS='-lglfw '
INSTALL_DATA='${INSTALL} -m 644'
INSTALL_PROGRAM='${INSTALL}'
INSTALL_SCRIPT='${INSTALL}'
INSTALL_STRIP_PROGRAM='$(install_sh) -c -s'
LDFLAGS=''
LIBOBJS=''
LIBS=''
LTLIBOBJS=''
MAKEINFO='${SHELL} '\''/home/ali/projects/wawacraft-evolved/missing'\'' makeinfo'
MKDIR_P='/usr/bin/mkdir -p'
OBJEXT='o'
PACKAGE='wawacraft-evolved'
PACKAGE_BUGREPORT='someguyshutup5@gmail.com'
PACKAGE_NAME='wawacraft-evolved'
PACKAGE_STRING='wawacraft-evolved 0.3.9'
PACKAGE_TARNAME='wawacraft-evolved'
PACKAGE_URL=''
PACKAGE_VERSION='0.3.9'
PATH_SEPARATOR=':'
PKG_CONFIG='/usr/bin/pkg-config'
PKG_CONFIG_LIBDIR=''
PKG_CONFIG_PATH=''
SET_MAKE=''
SHELL='/bin/bash'
STRIP=''
VERSION='0.3.9'
ac_ct_CC='gcc'
ac_ct_CXX='g++'
am__EXEEXT_FALSE=''
am__EXEEXT_TRUE='#'
am__fastdepCC_FALSE='#'
am__fastdepCC_TRUE=''
am__fastdepCXX_FALSE='#'
am__fastdepCXX_TRUE=''
am__include='include'
am__isrc=''
am__leading_dot='.'
am__nodep='_no'
am__quote=''
am__rm_f_notfound=''
am__tar='$${TAR-tar} chof - "$$tardir"'
am__untar='$${TAR-tar} xf -'
am__xargs_n='xargs -n'
bindir='${exec_prefix}/bin'
build='x86_64-pc-linux-gnu'
build_alias=''
build_cpu='x86_64'
build_os='linux-gnu'
build_vendor='pc'
datadir='${datarootdir}'
datarootdir='${prefix}/share'
docdir='${datarootdir}/doc/${PACKAGE_TARNAME}'
dvidir='${docdir}'
exec_prefix='${prefix}'
host='x86_64-pc-linux-gnu'
host_alias=''
host_cpu='x86_64'
host_os='linux-gnu'
host_vendor='pc'
htmldir='${docdir}'
includedir='${prefix}/include'
infodir='${datarootdir}/info'
install_sh='${SHELL} /home/ali/projects/wawacraft-evolved/install-sh'
libdir='${exec_prefix}/lib'
libexecdir='${exec_prefix}/libexec'
localedir='${datarootdir}/locale'
localstatedir='${prefix}/var'
mandir='${datarootdir}/man'
mkdir_p='$(MKDIR_P)'
oldincludedir='/usr/include'
pdfdir='${docdir}'
prefix='/usr/local'
program_transform_name='s,x,x,'
psdir='${docdir}'
runstatedir='${localstatedir}/run'
sbindir='${exec_prefix}/sbin'
sharedstatedir='${prefix}/com'
sysconfdir='${prefix}/etc'
target='x86_64-pc-linux-gnu'
target_alias=''
target_cpu='x86_64'
target_os='linux-gnu'
target_vendor='pc'

## ----------- ##
## confdefs.h. ##
## ----------- ##

/* confdefs.h */
#define PACKAGE_NAME "wawacraft-evolved"
#define PACKAGE_TARNAME "wawacraft-evolved"
#define PACKAGE_VERSION "0.3.9"
#define PACKAGE_STRING "wawacraft-evolved 0.3.9"
#define PACKAGE_BUGREPORT "someguyshutup5@gmail.com"
#define PACKAGE_URL ""
#define PACKAGE "wawacraft-evolved"
#define VERSION "0.3.9"
#define HAVE_STDIO_H 1
#define HAVE_STDLIB_H 1
#define HAVE_STRING_H 1
#define HAVE_INTTYPES_H 1
#define HAVE_STDINT_H 1
#define HAVE_STRINGS_H 1
#define HAVE_SYS_STAT_H 1
#define HAVE_SYS_TYPES_H 1
#define HAVE_UNISTD_H 1
#define STDC_HEADERS 1
#define HAVE_INTTYPES_H 1
#define HAVE_STDINT_H 1
#define HAVE__BOOL 1
#define HAVE_MALLOC 1
#define HAVE_MEMSET 1
#define HAVE_STRSTR 1
#define HAVE_STRTOL 1

configure: exit 0

## ---------------------- ##
## Running config.status. ##
## ---------------------- ##

This file was extended by wawacraft-evolved config.status 0.3.9, which was
generated by GNU Autoconf 2.72.  Invocation command line was

  CONFIG_FILES    = 
  CONFIG_HEADERS  = 
  CONFIG_LINKS    = 
  CONFIG_COMMANDS = 
  $ ./config.status Makefile depfiles

on lambda

config.status:886: creating Makefile
config.status:1115: executing depfiles commands
config.status:1192: cd .       && sed -e '/# am--include-marker/d' Makefile         | make -f - am--depfiles
make[1]: Entering directory '/home/ali/projects/wawacraft-evolved'
make[1]: Leaving directory '/home/ali/projects/wawacraft-evolved'
config.status:1197: $? = 0
